The push refers to repository [localhost:5002/hello-world]
98a92b28c9b8: Preparing
98a92b28c9b8: Retrying in 5 seconds
98a92b28c9b8: Retrying in 4 seconds
98a92b28c9b8: Retrying in 3 seconds
98a92b28c9b8: Retrying in 2 seconds
98a92b28c9b8: Retrying in 1 second
98a92b28c9b8: Retrying in 10 seconds
98a92b28c9b8: Retrying in 9 seconds
98a92b28c9b8: Retrying in 8 seconds
98a92b28c9b8: Retrying in 7 seconds
98a92b28c9b8: Retrying in 6 seconds
98a92b28c9b8: Retrying in 5 seconds
98a92b28c9b8: Retrying in 4 seconds
98a92b28c9b8: Retrying in 3 seconds
98a92b28c9b8: Retrying in 2 seconds
98a92b28c9b8: Retrying in 1 second
98a92b28c9b8: Retrying in 15 seconds
98a92b28c9b8: Retrying in 14 seconds
98a92b28c9b8: Retrying in 13 seconds
98a92b28c9b8: Retrying in 12 seconds
98a92b28c9b8: Retrying in 11 seconds
98a92b28c9b8: Retrying in 10 seconds
98a92b28c9b8: Retrying in 9 seconds
98a92b28c9b8: Retrying in 8 seconds
98a92b28c9b8: Retrying in 7 seconds
98a92b28c9b8: Retrying in 6 seconds
98a92b28c9b8: Retrying in 5 seconds
98a92b28c9b8: Retrying in 4 seconds
98a92b28c9b8: Retrying in 3 seconds
98a92b28c9b8: Retrying in 2 seconds
98a92b28c9b8: Retrying in 1 second
98a92b28c9b8: Retrying in 20 seconds
98a92b28c9b8: Retrying in 19 seconds
98a92b28c9b8: Retrying in 18 seconds
98a92b28c9b8: Retrying in 17 seconds
98a92b28c9b8: Retrying in 16 seconds
98a92b28c9b8: Retrying in 15 seconds
98a92b28c9b8: Retrying in 14 seconds
98a92b28c9b8: Retrying in 13 seconds
98a92b28c9b8: Retrying in 12 seconds
98a92b28c9b8: Retrying in 11 seconds
98a92b28c9b8: Retrying in 10 seconds
98a92b28c9b8: Retrying in 9 seconds
98a92b28c9b8: Retrying in 8 seconds
98a92b28c9b8: Retrying in 7 seconds
98a92b28c9b8: Retrying in 6 seconds
98a92b28c9b8: Retrying in 5 seconds
98a92b28c9b8: Retrying in 4 seconds
98a92b28c9b8: Retrying in 3 seconds
98a92b28c9b8: Retrying in 2 seconds
98a92b28c9b8: Retrying in 1 second
digest invalid: provided digest did not match uploaded content
